../Core/Src/main.c:49:6:cell_select1	24	static
../Core/Src/main.c:97:10:read_cell1_voltage	48	static
../Core/Src/main.c:191:5:main	8	static
../Core/Src/main.c:241:6:SystemClock_Config	96	static
../Core/Src/main.c:286:13:MX_ADC1_Init	32	static
../Core/Src/main.c:344:13:MX_CAN1_Init	8	static
../Core/Src/main.c:381:13:MX_I2C1_Init	8	static
../Core/Src/main.c:429:13:MX_I2C3_Init	8	static
../Core/Src/main.c:477:13:MX_GPIO_Init	40	static
../Core/Src/main.c:505:6:Error_Handler	4	static,ignoring_inline_asm
