../Drivers/CMSIS/Include/core_cm4.h:2059:26:ITM_SendChar	16	static,ignoring_inline_asm
../Core/Src/main.c:45:5:_write	32	static
../Core/Src/main.c:57:6:adc_read	24	static
../Core/Src/main.c:73:7:adc_correction	16	static
../Core/Src/main.c:78:6:cell_select1	24	static
../Core/Src/main.c:94:10:read_cell1_voltage	64	static
../Core/Src/main.c:152:7:read_current	32	static
../Core/Src/main.c:212:5:main	24	static
../Core/Src/main.c:280:6:SystemClock_Config	96	static
../Core/Src/main.c:325:13:MX_ADC1_Init	32	static
../Core/Src/main.c:383:13:MX_CAN1_Init	8	static
../Core/Src/main.c:420:13:MX_I2C1_Init	8	static
../Core/Src/main.c:468:13:MX_I2C3_Init	8	static
../Core/Src/main.c:516:13:MX_GPIO_Init	40	static
../Core/Src/main.c:544:6:Error_Handler	4	static,ignoring_inline_asm
